<picture class="media-query-picture"><source media="(max-width: 1000px)" srcset="/1000.jpg" /><source media="(max-width: 800px)" srcset="/800.jpg" /><source media="(max-width: 560px)" srcset="/560.jpg" /><img src="/default.jpg" alt="default" /></picture>