<p><picture class="media-query-picture"><source media="(min-width: 1000px)" srcset="/1000.jpg" /><img src="/default.jpg" alt="default" /></picture></p>