<p><picture class="media-query-picture"><img src="/large.jpg" alt="large" /></picture></p>