<picture class="media-query-picture"><source media="(min-width: 1200px)" srcset="/1200.jpg" /><source media="(min-width: 800px)" srcset="/800.jpg" /><source media="(min-width: 480px)" srcset="/480.jpg" /><img src="/default.jpg" alt="The actual image and the alt that will be used" /></picture>